// Jest Snapshot v1, https://goo.gl/fbAQLP

exports[`HelperIcon Should change the className on user change in textarea value 1`] = `
.c4 {
  -webkit-flex-shrink: 0;
  -ms-flex-negative: 0;
  flex-shrink: 0;
  display: -webkit-box;
  display: -webkit-flex;
  display: -ms-flexbox;
  display: flex;
  -webkit-box-pack: center;
  -webkit-justify-content: center;
  -ms-flex-pack: center;
  justify-content: center;
  -webkit-align-items: center;
  -webkit-box-align: center;
  -ms-flex-align: center;
  align-items: center;
  width: 40px;
  height: 40px;
  border-radius: 50%;
  overflow: hidden;
  background-color: #d8d8d8;
  margin-right: 10px;
  cursor: pointer;
  -webkit-transition: box-shadow 0.08s linear;
  transition: box-shadow 0.08s linear;
  outline: none;
  border: 0;
}

.c4:hover,
.c4.active {
  background-color: rgba(0,85,112,0.7);
}

.c4:focus {
  box-shadow: 0 1px 3px 0 rgba(60,64,67,0.302),0 4px 8px 3px rgba(60,64,67,0.149);
}

.c4:last-child {
  margin-right: 0;
}

.c2 {
  background-color: #63bc36;
  color: #fff;
  border-radius: 100px;
  height: 40px;
  line-height: 40px;
  padding: 0 20px;
  font-size: 16px;
  font-weight: bold;
  border: none;
}

.c2:hover,
.c2:focus {
  outline: none;
  background-color: #4f962b;
}

.c0 {
  width: 100%;
  background-color: #f7f7f7;
  border-radius: 5px;
  margin: 0 0 20px;
  padding: 12px 20px;
  box-shadow: 0 1px 2px 0 rgba(0,0,0,0.1);
  outline: none;
}

.c3 {
  display: -webkit-box;
  display: -webkit-flex;
  display: -ms-flexbox;
  display: flex;
}

.c1 {
  display: -webkit-box;
  display: -webkit-flex;
  display: -ms-flexbox;
  display: flex;
  -webkit-box-pack: justify;
  -webkit-justify-content: space-between;
  -ms-flex-pack: justify;
  justify-content: space-between;
  -webkit-align-items: flex-end;
  -webkit-box-align: flex-end;
  -ms-flex-align: flex-end;
  align-items: flex-end;
  overflow: hidden;
  height: 0;
  -webkit-transition: height 500ms;
  transition: height 500ms;
}

<form
  class="c0"
  data-testid="test-comment-form"
  tabindex="0"
>
  <div
    data-testid="test-textarea-wrapper"
  >
    <div
      class="rta  "
    >
      <textarea
        class="rta__textarea autocomplete-textarea autocomplete-textarea--comment"
        data-testid="test-textarea"
        name="bonus-text"
        placeholder="Add a comment"
      >
        #create-awesomeness
      </textarea>
    </div>
  </div>
  <div
    data-testid="test-error-container"
  />
  <div
    class="c1"
  >
    <button
      class="c2"
      data-testid="test-button"
    >
      Add
    </button>
    <div
      class="c3"
    >
      <button
        class="c4"
        type="button"
      >
        <img
          alt="Points"
          src="[object Object]"
        />
      </button>
      <button
        class="active c4"
        type="button"
      >
        <img
          alt="Hashtag"
          src="[object Object]"
        />
      </button>
    </div>
  </div>
</form>
`;
